ok
[1 2 3 4 5]
1
ok
ok
[1 2 3 4 5 1]
a
a [1 2 3 4 5 1]
5
ok
bye
