ok
[1 2 3 4 5]
2
[1 2 3 4 5]
1
[2 3 4 5]
ok
3
[4 5 6]
b
a
bye
